{"items":[{"id":"wf-golden-b","name":"","description":"","version":"","maxConcurrency":0,"failFast":false,"compensateOnFailure":false,"timeout":0,"tasks":[{"id":"b","name":"","action":"print","input":null,"dependsOn":null,"condition":"","runAfter":0,"timeout":0,"retryPolicy":{"maxAttempts":0,"backoffBase":0},"allowFailure":false,"compensation":{"action":"","input":null,"timeout":0}}]}],"total":2,"limit":1,"offset":1,"returned":1}
